../Core/Src/stm32wbxx_it.c:75:6:NMI_Handler	4	static
../Core/Src/stm32wbxx_it.c:90:6:HardFault_Handler	4	static
../Core/Src/stm32wbxx_it.c:105:6:MemManage_Handler	4	static
../Core/Src/stm32wbxx_it.c:120:6:BusFault_Handler	4	static
../Core/Src/stm32wbxx_it.c:135:6:UsageFault_Handler	4	static
../Core/Src/stm32wbxx_it.c:150:6:SVC_Handler	4	static
../Core/Src/stm32wbxx_it.c:163:6:DebugMon_Handler	4	static
../Core/Src/stm32wbxx_it.c:176:6:PendSV_Handler	4	static
../Core/Src/stm32wbxx_it.c:189:6:SysTick_Handler	8	static
../Core/Src/stm32wbxx_it.c:210:6:RTC_WKUP_IRQHandler	8	static
../Core/Src/stm32wbxx_it.c:224:6:RCC_IRQHandler	4	static
../Core/Src/stm32wbxx_it.c:237:6:EXTI0_IRQHandler	8	static
../Core/Src/stm32wbxx_it.c:251:6:EXTI1_IRQHandler	8	static
../Core/Src/stm32wbxx_it.c:265:6:EXTI2_IRQHandler	8	static
../Core/Src/stm32wbxx_it.c:279:6:EXTI3_IRQHandler	8	static
../Core/Src/stm32wbxx_it.c:293:6:EXTI4_IRQHandler	8	static
../Core/Src/stm32wbxx_it.c:307:6:EXTI9_5_IRQHandler	8	static
../Core/Src/stm32wbxx_it.c:323:6:TIM1_UP_TIM16_IRQHandler	8	static
../Core/Src/stm32wbxx_it.c:338:6:LPUART1_IRQHandler	8	static
../Core/Src/stm32wbxx_it.c:352:6:EXTI15_10_IRQHandler	8	static
../Core/Src/stm32wbxx_it.c:367:6:PWR_SOTF_BLEACT_802ACT_RFPHASE_IRQHandler	4	static
../Core/Src/stm32wbxx_it.c:380:6:IPCC_C1_RX_IRQHandler	8	static
../Core/Src/stm32wbxx_it.c:394:6:IPCC_C1_TX_IRQHandler	8	static
../Core/Src/stm32wbxx_it.c:408:6:HSEM_IRQHandler	8	static
../Core/Src/stm32wbxx_it.c:422:6:QUADSPI_IRQHandler	8	static
../Core/Src/stm32wbxx_it.c:436:6:DMA2_Channel1_IRQHandler	8	static
