../Drivers/STM32WBxx_HAL_Driver/Inc/stm32wbxx_ll_system.h:2223:26:LL_FLASH_GetUDN	4	static
../Drivers/STM32WBxx_HAL_Driver/Inc/stm32wbxx_ll_system.h:2235:26:LL_FLASH_GetDeviceID	4	static
../Drivers/STM32WBxx_HAL_Driver/Inc/stm32wbxx_ll_system.h:2247:26:LL_FLASH_GetSTCompanyID	4	static
../STM32_WPAN/App/app_ble.c:160:13:Build_StBleSensor_Adv	24	static
../STM32_WPAN/App/app_ble.c:204:13:Build_StaticRandomAddr	24	static
../STM32_WPAN/App/app_ble.c:218:6:APP_BLE_Init	80	static
../STM32_WPAN/App/app_ble.c:309:28:SVCCTL_App_Notification	48	static
../STM32_WPAN/App/app_ble.c:419:22:APP_BLE_Get_Server_Connection_Status	4	static
../STM32_WPAN/App/app_ble.c:427:13:Ble_Tl_Init	16	static
../STM32_WPAN/App/app_ble.c:435:13:Ble_Hci_Gap_Gatt_Init	72	static
../STM32_WPAN/App/app_ble.c:530:13:Adv_Request	96	static
../STM32_WPAN/App/app_ble.c:594:23:BleGetBdAddress	32	static
../STM32_WPAN/App/app_ble.c:633:13:Adv_Cancel	8	static
../STM32_WPAN/App/app_ble.c:642:13:Adv_Cancel_Req	8	static
../STM32_WPAN/App/app_ble.c:647:13:Switch_OFF_GPIO	4	static
../STM32_WPAN/App/app_ble.c:682:6:hci_notify_asynch_evt	16	static
../STM32_WPAN/App/app_ble.c:687:6:hci_cmd_resp_release	16	static
../STM32_WPAN/App/app_ble.c:692:6:hci_cmd_resp_wait	16	static
../STM32_WPAN/App/app_ble.c:697:13:BLE_UserEvtRx	24	static
../STM32_WPAN/App/app_ble.c:708:13:BLE_StatusNot	24	static
../STM32_WPAN/App/app_ble.c:729:6:SVCCTL_ResumeUserEventFlow	8	static
